// Jest Snapshot v1, https://goo.gl/fbAQLP

exports[`write-to-server should send trackId if on presets 2`] = `
[
  {
    "env": {
      "LALOG_LEVEL": "info",
      "LOGGLY_TOKEN": "fake-token",
      "PLANT_IMAGE_COMPLETE": "fake-value",
      "PLANT_IMAGE_HOST": "fake-host",
      "PLANT_IMAGE_PORT": "443",
    },
    "msg": "writeToServer(): Started",
    "sizes": "fake-sizes",
  },
]
`;
